../lwip/src/core/ipv4/dhcp.c:232:1:dhcp_inc_pcb_refcount	8	static
../lwip/src/core/ipv4/dhcp.c:259:1:dhcp_dec_pcb_refcount	8	static
../lwip/src/core/ipv4/dhcp.c:283:1:dhcp_handle_nak	24	static
../lwip/src/core/ipv4/dhcp.c:368:1:dhcp_handle_offer	24	static
../lwip/src/core/ipv4/dhcp.c:402:1:dhcp_select	56	static
../lwip/src/core/ipv4/dhcp.c:466:1:dhcp_coarse_tmr	16	static
../lwip/src/core/ipv4/dhcp.c:504:1:dhcp_fine_tmr	16	static
../lwip/src/core/ipv4/dhcp.c:535:1:dhcp_timeout	24	static
../lwip/src/core/ipv4/dhcp.c:569:1:dhcp_t1_timeout	24	static
../lwip/src/core/ipv4/dhcp.c:596:1:dhcp_t2_timeout	24	static
../lwip/src/core/ipv4/dhcp.c:622:1:dhcp_handle_ack	24	static
../lwip/src/core/ipv4/dhcp.c:713:1:dhcp_set_struct	16	static
../lwip/src/core/ipv4/dhcp.c:737:6:dhcp_cleanup	24	static
../lwip/src/core/ipv4/dhcp.c:766:1:dhcp_start	24	static
../lwip/src/core/ipv4/dhcp.c:850:1:dhcp_inform	88	static
../lwip/src/core/ipv4/dhcp.c:894:1:dhcp_network_changed_link_up	24	static
../lwip/src/core/ipv4/dhcp.c:975:1:dhcp_discover	48	static
../lwip/src/core/ipv4/dhcp.c:1035:1:dhcp_bind	40	static
../lwip/src/core/ipv4/dhcp.c:1138:1:dhcp_renew	48	static
../lwip/src/core/ipv4/dhcp.c:1194:1:dhcp_rebind	48	static
../lwip/src/core/ipv4/dhcp.c:1248:1:dhcp_reboot	56	static
../lwip/src/core/ipv4/dhcp.c:1306:1:dhcp_release_and_stop	56	static
../lwip/src/core/ipv4/dhcp.c:1376:1:dhcp_release	16	static
../lwip/src/core/ipv4/dhcp.c:1388:1:dhcp_stop	16	static
../lwip/src/core/ipv4/dhcp.c:1399:1:dhcp_set_state	16	static
../lwip/src/core/ipv4/dhcp.c:1414:1:dhcp_option	16	static
../lwip/src/core/ipv4/dhcp.c:1426:1:dhcp_option_byte	16	static
../lwip/src/core/ipv4/dhcp.c:1434:1:dhcp_option_short	16	static
../lwip/src/core/ipv4/dhcp.c:1443:1:dhcp_option_long	24	static
../lwip/src/core/ipv4/dhcp.c:1489:1:dhcp_parse_reply	80	static
../lwip/src/core/ipv4/dhcp.c:1738:1:dhcp_recv	48	static
../lwip/src/core/ipv4/dhcp.c:1859:1:dhcp_create_msg	40	static
../lwip/src/core/ipv4/dhcp.c:1945:1:dhcp_option_trailer	24	static
../lwip/src/core/ipv4/dhcp.c:1965:1:dhcp_supplied_address	24	static
