../source/aes.c:154:13:KeyExpansion	40	static
../source/aes.c:227:6:AES_init_ctx	16	static
../source/aes.c:232:6:AES_init_ctx_iv	24	static
../source/aes.c:237:6:AES_ctx_set_iv	16	static
../source/aes.c:245:13:AddRoundKey	32	static
../source/aes.c:259:13:SubBytes	24	static
../source/aes.c:274:13:ShiftRows	24	static
../source/aes.c:302:16:xtime	16	static
../source/aes.c:308:13:MixColumns	24	static
../source/aes.c:350:13:InvMixColumns	32	static
../source/aes.c:371:13:InvSubBytes	24	static
../source/aes.c:383:13:InvShiftRows	24	static
../source/aes.c:413:13:Cipher	24	static
../source/aes.c:439:13:InvCipher	24	static
../source/aes.c:471:6:AES_ECB_encrypt	16	static
../source/aes.c:477:6:AES_ECB_decrypt	16	static
../source/aes.c:493:13:XorWithIv	24	static
../source/aes.c:502:6:AES_CBC_encrypt_buffer	32	static
../source/aes.c:518:6:AES_CBC_decrypt_buffer	48	static
../source/aes.c:540:6:AES_CTR_xcrypt_buffer	48	static
../source/aes.c:581:6:aes_send_task	784	static
../source/aes.c:623:5:aes_recv_task	776	static
