C:\Users\MCRO\Documents\MCUXpressoIDE_11.4.1_6260\workspace\frdmk64f_lwip_tcpecho_freertos_ProyectoEdgar\CMSIS/core_cm4.h:1679:22:__NVIC_EnableIRQ	16	static
../drivers/fsl_clock.h:668:20:CLOCK_EnableClock	24	static
../drivers/fsl_clock.h:679:20:CLOCK_DisableClock	24	static
../drivers/fsl_common_arm.h:488:24:EnableIRQ	24	static
../drivers/fsl_common_arm.h:568:24:DisableGlobalIRQ	16	static
../drivers/fsl_common_arm.h:595:20:EnableGlobalIRQ	24	static
../drivers/fsl_enet.h:916:20:ENET_Reset	16	static
../drivers/fsl_enet.h:959:20:ENET_GetSMI	16	static
../drivers/fsl_enet.h:1208:20:ENET_EnableSleepMode	16	static
../drivers/fsl_enet.h:1260:20:ENET_EnableInterrupts	16	static
../drivers/fsl_enet.c:171:10:ENET_GetInstance	24	static
../drivers/fsl_enet.c:203:6:ENET_GetDefaultConfig	16	static
../drivers/fsl_enet.c:254:10:ENET_Up	40	static
../drivers/fsl_enet.c:320:10:ENET_Init	40	static
../drivers/fsl_enet.c:346:6:ENET_Down	24	static
../drivers/fsl_enet.c:370:6:ENET_Deinit	16	static
../drivers/fsl_enet.c:383:6:ENET_SetCallback	24	static
../drivers/fsl_enet.c:409:6:ENET_SetRxISRHandler	24	static
../drivers/fsl_enet.c:417:6:ENET_SetTxISRHandler	24	static
../drivers/fsl_enet.c:426:6:ENET_SetErrISRHandler	24	static
../drivers/fsl_enet.c:452:13:ENET_SetHandler	40	static
../drivers/fsl_enet.c:509:13:ENET_SetMacController	56	static
../drivers/fsl_enet.c:778:13:ENET_SetTxBufferDescriptors	48	static
../drivers/fsl_enet.c:843:13:ENET_SetRxBufferDescriptors	48	static
../drivers/fsl_enet.c:938:17:ENET_RxBufferAllocAll	32	static
../drivers/fsl_enet.c:991:13:ENET_RxBufferFreeAll	48	static
../drivers/fsl_enet.c:1044:20:ENET_ActiveReadRing	16	static
../drivers/fsl_enet.c:1081:13:ENET_ActiveSendRing	24	static
../drivers/fsl_enet.c:1136:6:ENET_SetMII	24	static
../drivers/fsl_enet.c:1192:6:ENET_SetMacAddr	24	static
../drivers/fsl_enet.c:1212:6:ENET_GetMacAddr	24	static
../drivers/fsl_enet.c:1240:6:ENET_SetSMI	40	static
../drivers/fsl_enet.c:1271:6:ENET_StartSMIWrite	32	static
../drivers/fsl_enet.c:1291:6:ENET_StartSMIRead	32	static
../drivers/fsl_enet.c:1402:17:ENET_IncreaseIndex	16	static
../drivers/fsl_enet.c:1415:20:ENET_TxDirtyRingAvailable	16	static
../drivers/fsl_enet.c:1439:6:ENET_GetRxErrBeforeReadFrame	40	static
../drivers/fsl_enet.c:1522:6:ENET_GetStatistics	16	static
../drivers/fsl_enet.c:1556:10:ENET_GetRxFrameSize	48	static
../drivers/fsl_enet.c:1673:10:ENET_ReadFrame	64	static
../drivers/fsl_enet.c:1782:13:ENET_UpdateReadBuffers	32	static
../drivers/fsl_enet.c:1823:10:ENET_SendFrame	72	static
../drivers/fsl_enet.c:2041:10:ENET_SetTxReclaim	32	static
../drivers/fsl_enet.c:2082:6:ENET_ReclaimTxDescriptor	64	static
../drivers/fsl_enet.c:2138:10:ENET_GetRxBuffer	40	static
../drivers/fsl_enet.c:2209:6:ENET_ReleaseRxBuffer	48	static
../drivers/fsl_enet.c:2307:24:ENET_GetRxFrameErr	32	static
../drivers/fsl_enet.c:2373:10:ENET_GetRxFrame	72	static
../drivers/fsl_enet.c:2623:10:ENET_StartTxFrame	80	static
../drivers/fsl_enet.c:2759:10:ENET_SendFrameZeroCopy	72	static
../drivers/fsl_enet.c:2946:6:ENET_AddMulticastGroup	40	static
../drivers/fsl_enet.c:2999:6:ENET_LeaveMulticastGroup	40	static
../drivers/fsl_enet.c:3402:6:ENET_TransmitIRQHandler	48	static
../drivers/fsl_enet.c:3462:6:ENET_ReceiveIRQHandler	40	static
../drivers/fsl_enet.c:3507:6:ENET_ErrorIRQHandler	40	static
../drivers/fsl_enet.c:3604:6:ENET_CommonFrame0IRQHandler	24	static
../drivers/fsl_enet.c:3706:6:ENET_Ptp1588IRQHandler	24	static
../drivers/fsl_enet.c:3735:6:ENET_TxIRQHandler	24	static
../drivers/fsl_enet.c:3747:6:ENET_RxIRQHandler	24	static
../drivers/fsl_enet.c:3758:6:ENET_ErrIRQHandler	24	static
../drivers/fsl_enet.c:3769:6:ENET_Transmit_DriverIRQHandler	8	static
../drivers/fsl_enet.c:3776:6:ENET_Receive_DriverIRQHandler	8	static
../drivers/fsl_enet.c:3783:6:ENET_Error_DriverIRQHandler	8	static
../drivers/fsl_enet.c:3791:6:ENET_DriverIRQHandler	8	static
../drivers/fsl_enet.c:3798:6:ENET_1588_Timer_DriverIRQHandler	8	static
